[debug] [2025-09-14T09:01:46.645Z] ----------------------------------------------------------------------
[debug] [2025-09-14T09:01:46.648Z] Command:       C:\Program Files\nodejs\node.exe C:\Users\SAI\AppData\Roaming\npm\node_modules\firebase-tools\lib\bin\firebase.js deploy
[debug] [2025-09-14T09:01:46.648Z] CLI Version:   14.15.2
[debug] [2025-09-14T09:01:46.648Z] Platform:      win32
[debug] [2025-09-14T09:01:46.648Z] Node Version:  v22.13.0
[debug] [2025-09-14T09:01:46.648Z] Time:          Sun Sep 14 2025 14:31:46 GMT+0530 (India Standard Time)
[debug] [2025-09-14T09:01:46.648Z] ----------------------------------------------------------------------
[debug] 
[debug] [2025-09-14T09:01:46.650Z] >>> [apiv2][query] GET https://firebase-public.firebaseio.com/cli.json [none]
[debug] [2025-09-14T09:01:46.849Z] > command requires scopes: ["email","openid","https://www.googleapis.com/auth/cloudplatformprojects.readonly","https://www.googleapis.com/auth/firebase","https://www.googleapis.com/auth/cloud-platform"]
[debug] [2025-09-14T09:01:46.850Z] > authorizing via signed-in user (kalaiyarasikalai2005@gmail.com)
[debug] [2025-09-14T09:01:46.850Z] [iam] checking project community-need-map for permissions ["firebase.projects.get","firebasehosting.sites.update"]
[debug] [2025-09-14T09:01:46.850Z] Checked if tokens are valid: false, expires at: 1757448692454
[debug] [2025-09-14T09:01:46.850Z] Checked if tokens are valid: false, expires at: 1757448692454
[debug] [2025-09-14T09:01:46.851Z] > refreshing access token with scopes: []
[debug] [2025-09-14T09:01:46.851Z] >>> [apiv2][query] POST https://www.googleapis.com/oauth2/v3/token [none]
[debug] [2025-09-14T09:01:46.851Z] >>> [apiv2][body] POST https://www.googleapis.com/oauth2/v3/token [omitted]
[debug] [2025-09-14T09:01:47.696Z] <<< [apiv2][status] POST https://www.googleapis.com/oauth2/v3/token 200
[debug] [2025-09-14T09:01:47.696Z] <<< [apiv2][body] POST https://www.googleapis.com/oauth2/v3/token [omitted]
[debug] [2025-09-14T09:01:47.701Z] >>> [apiv2][query] POST https://cloudresourcemanager.googleapis.com/v1/projects/community-need-map:testIamPermissions [none]
[debug] [2025-09-14T09:01:47.701Z] >>> [apiv2][(partial)header] POST https://cloudresourcemanager.googleapis.com/v1/projects/community-need-map:testIamPermissions x-goog-quota-user=projects/community-need-map
[debug] [2025-09-14T09:01:47.701Z] >>> [apiv2][body] POST https://cloudresourcemanager.googleapis.com/v1/projects/community-need-map:testIamPermissions {"permissions":["firebase.projects.get","firebasehosting.sites.update"]}
[debug] [2025-09-14T09:01:47.914Z] <<< [apiv2][status] GET https://firebase-public.firebaseio.com/cli.json 200
[debug] [2025-09-14T09:01:47.915Z] <<< [apiv2][body] GET https://firebase-public.firebaseio.com/cli.json {"cloudBuildErrorAfter":1594252800000,"cloudBuildWarnAfter":1590019200000,"defaultNode10After":1594252800000,"minVersion":"3.0.5","node8DeploysDisabledAfter":1613390400000,"node8RuntimeDisabledAfter":1615809600000,"node8WarnAfter":1600128000000}
[debug] [2025-09-14T09:01:49.745Z] <<< [apiv2][status] POST https://cloudresourcemanager.googleapis.com/v1/projects/community-need-map:testIamPermissions 200
[debug] [2025-09-14T09:01:49.745Z] <<< [apiv2][body] POST https://cloudresourcemanager.googleapis.com/v1/projects/community-need-map:testIamPermissions {}
[debug] [2025-09-14T09:01:49.745Z] [iam] error while checking permissions, command may fail: Authorization failed. This account is missing the following required permissions on project community-need-map:

  firebase.projects.get
  firebasehosting.sites.update
[debug] [2025-09-14T09:01:49.746Z] Checked if tokens are valid: true, expires at: 1757844106696
[debug] [2025-09-14T09:01:49.746Z] Checked if tokens are valid: true, expires at: 1757844106696
[debug] [2025-09-14T09:01:49.746Z] >>> [apiv2][query] GET https://firebase.googleapis.com/v1beta1/projects/community-need-map [none]
[debug] [2025-09-14T09:01:50.511Z] <<< [apiv2][status] GET https://firebase.googleapis.com/v1beta1/projects/community-need-map 403
[debug] [2025-09-14T09:01:50.511Z] <<< [apiv2][body] GET https://firebase.googleapis.com/v1beta1/projects/community-need-map {"error":{"code":403,"message":"The caller does not have permission","status":"PERMISSION_DENIED"}}
[debug] [2025-09-14T09:01:50.512Z] Request to https://firebase.googleapis.com/v1beta1/projects/community-need-map had HTTP Error: 403, The caller does not have permission
[debug] [2025-09-14T09:01:50.807Z] FirebaseError: Request to https://firebase.googleapis.com/v1beta1/projects/community-need-map had HTTP Error: 403, The caller does not have permission
    at responseToError (C:\Users\SAI\AppData\Roaming\npm\node_modules\firebase-tools\lib\responseToError.js:52:12)
    at RetryOperation._fn (C:\Users\SAI\AppData\Roaming\npm\node_modules\firebase-tools\lib\apiv2.js:312:77)
    at process.processTicksAndRejections (node:internal/process/task_queues:105:5)
[error] 
[error] Error: Failed to get Firebase project community-need-map. Please make sure the project exists and your account has permission to access it.
